// Jest Snapshot v1, https://goo.gl/fbAQLP

exports[`Banner renders correctly 1`] = `
<div
  className="bg-accent relative"
>
  <div
    className="max-w-7xl mx-auto pl-8 sm:px-8 py-3"
  >
    <div
      className="pr-16 sm:px-16 sm:text-center"
    >
      <p
        className="font-medium text-sm sm:text-base text-tertiary"
      >
        <a
          className="md:hidden"
          href="#"
        >
          This is a default text just to fill the space.
           
          <span
            aria-hidden="true"
          >
            →
          </span>
        </a>
        <a
          className="hidden md:inline"
          href="#"
        >
          This is a default text just to fill the space.
           
          <span
            aria-hidden="true"
          >
            →
          </span>
        </a>
      </p>
    </div>
  </div>
</div>
`;
