// Jest Snapshot v1, https://goo.gl/fbAQLP

exports[`BlockQuote renders correctly 1`] = `
<div
  className="bg-secondary border-primary border-l-2 sm:border-l-4 font-mono inline-block my-2 px-4 py-3 relative text-secondary text-xs sm:text-sm sm:w-auto w-full"
>
  <div
    className="overflow-x-auto whitespace-pre"
  />
  <button
    className="absolute bg-primary font-sans m-2 px-2 py-1 right-0 rounded select-none top-0"
    onClick={[Function]}
  >
    <div
      style={
        Object {
          "position": "relative",
        }
      }
    />
    Copy
  </button>
</div>
`;
