// Jest Snapshot v1, https://goo.gl/fbAQLP

exports[`CopyButton renders correctly 1`] = `
<button
  className="absolute bg-primary font-sans m-2 px-2 py-1 right-0 rounded select-none top-0"
  onClick={[Function]}
>
  <div
    style={
      Object {
        "position": "relative",
      }
    }
  />
  Copy
</button>
`;
