// Jest Snapshot v1, https://goo.gl/fbAQLP

exports[`HeroSection renders correctly 1`] = `
<div
  className="left-1/2 ml-50-screen -mt-8 px-4 sm:px-14 py-10 sm:py-14 lg:py-8 relative w-screen"
>
  <div
    className="content-center items-center m-auto flex max-w-6xl lg:w-full z-10"
  >
    <div
      className="flex-grow max-w-4xl lg:max-w-2xl my-auto px-3 lg:py-12 lg:pl-8"
    >
      <div
        className="sm:text-center lg:text-left"
      >
        <div
          className="animate-fade-in-down"
        >
          <h1
            className="font-bold font-serif text-3xl sm:text-4xl lg:text-5xl"
          >
            This is a default title
          </h1>
          <p
            className="sm:max-w-xl mt-3 sm:mt-5 md:mt-5 sm:mx-auto lg:mx-0 text-base sm:text-lg text-secondary"
          >
            This is a default subtitle
          </p>
        </div>
        <div
          className="sm:flex font-medium sm:justify-center lg:justify-start mt-5 sm:mt-8 sm:space-x-4 space-y-2 sm:space-y-0 text-base"
        >
          <div>
            <a
              aria-label="Read the notes"
              className="bg-accent hover:bg-transparent text-tertiary hover:text-primary border border-accent flex items-center justify-center px-8 py-3 lg:py-3.5 rounded lg:text-lg w-full"
              href="/notes"
            >
              Read the notes
            </a>
          </div>
          <div>
            <a
              aria-label="More about me"
              className="bg-transparent hover:bg-accent hover:text-tertiary border border-accent flex items-center justify-center px-8 py-3 lg:py-3.5 rounded lg:text-lg w-full"
              href="/about"
            >
              More about me
            </a>
          </div>
        </div>
      </div>
    </div>
    <test-file-stub
      className="hidden xlish:block pl-8 text-primary w-1/3"
    />
  </div>
</div>
`;
