// Jest Snapshot v1, https://goo.gl/fbAQLP

exports[`HeroSection renders correctly 1`] = `
<div
  className="left-1/2 ml-50-screen -mt-8 px-4 sm:px-14 py-10 sm:py-14 lg:py-8 relative w-screen"
>
  <div
    className="content-center items-center m-auto flex max-w-6xl lg:w-full z-10"
  >
    <div
      className="flex-grow max-w-4xl lg:max-w-2xl my-auto px-3 lg:py-12 lg:pl-8"
    >
      <div
        className="sm:text-center lg:text-left"
      >
        <div
          className="animate-fade-in-down"
        >
          <a
            className="inline-flex space-x-4 mb-5"
            href="/notes/#"
          >
            <span
              className="rounded bg-secondary px-2.5 py-1 text-xs font-semibold text-primary tracking-wide uppercase"
            >
              What's new
            </span>
            <span
              className="inline-flex items-center text-sm font-medium text-primary space-x-1"
            >
              <span>
                The latest note based on its date
              </span>
              <svg
                aria-hidden="true"
                className="h-5 w-5"
                fill="currentColor"
                viewBox="0 0 20 20"
                xmlns="http://www.w3.org/2000/svg"
              >
                <path
                  clipRule="evenodd"
                  d="M7.293 14.707a1 1 0 010-1.414L10.586 10 7.293 6.707a1 1 0 011.414-1.414l4 4a1 1 0 010 1.414l-4 4a1 1 0 01-1.414 0z"
                  fillRule="evenodd"
                />
              </svg>
            </span>
          </a>
          <h1
            className="font-black text-2xl sm:text-3xl lg:text-4xl"
          >
            This is a default title
          </h1>
          <p
            className="sm:max-w-xl mt-3 sm:mt-5 md:mt-5 sm:mx-auto lg:mx-0 text-base sm:text-lg text-secondary"
          >
            This is a default subtitle
          </p>
        </div>
        <div
          className="sm:flex font-medium sm:justify-center lg:justify-start mt-7 sm:mt-8 sm:space-x-6 space-y-3 sm:space-y-0 text-base"
        >
          <div
            className="relative"
          >
            <test-file-stub
              className="absolute animate-left-splash h-5 left-0 -m-3 text-primary"
            />
            <div>
              <a
                aria-label="Read the notes"
                className="bg-accent hover:bg-transparent text-tertiary hover:text-primary border border-accent flex items-center justify-center px-7 py-2.5 lg:py-3 rounded lg:text-lg w-full"
                href="/notes"
              >
                Read the notes
              </a>
            </div>
            <test-file-stub
              className="absolute animate-right-splash h-5 -m-3 right-0 text-primary"
            />
          </div>
          <div>
            <a
              aria-label="More about me"
              className="bg-transparent hover:bg-accent hover:text-tertiary border border-accent flex items-center justify-center px-7 py-2.5 lg:py-3 rounded lg:text-lg w-full"
              href="/about"
            >
              More about me
            </a>
          </div>
        </div>
      </div>
    </div>
    <test-file-stub
      className="hidden xlish:block pl-8 text-primary w-1/3"
    />
  </div>
</div>
`;
