// Jest Snapshot v1, https://goo.gl/fbAQLP

exports[`Quote renders correctly 1`] = `
<div
  className="flex mt-6 sm:mt-7"
>
  <div
    className="flex-shrink-0 mb-4 self-center"
  >
    <test-file-stub
      className="h-32 sm:h-36 mr-10 lg:mr-0"
    />
  </div>
  <div
    className="flex md:flex-grow justify-center self-center"
  >
    <div>
      <test-file-stub
        className="absolute h-9 sm:h-10 opacity-20 transform -translate-x-6 -translate-y-1 sm:-translate-y-2 w-9 sm:w-10"
      />
    </div>
  </div>
</div>
`;
